
> hulpmetit-nextgen@1.0.0 build
> next build

  ▲ Next.js 14.2.32
  - Environments: .env.local
  - Experiments (use with caution):
    · optimizeCss

   Creating an optimized production build ...
 ✓ Compiled successfully
   Linting and checking validity of types ...
   Collecting page data ...
 ⚠ Using edge runtime on a page currently disables static generation for that page
   Generating static pages (0/168) ...
   Generating static pages (42/168) 
   Generating static pages (84/168) 
   Generating static pages (126/168) 
Time 40.671
Time 18.234
 ⚠ Sending SIGTERM signal to Next.js build worker due to timeout of 60 seconds. Subsequent errors may be a result of the worker exiting.
 ⨯ Next.js build worker exited with code: null and signal: SIGTERM
 ⚠ Restarted static page generation for /api/appointment because it took more than 60 seconds
 ⚠ See more info here https://nextjs.org/docs/messages/static-page-generation-timeout
 ⨯ Next.js build worker exited with code: 3221225794 and signal: null
